#|> About vim plugins found in ~/.vim/bundle

*** bufexplorer~/: Buffer Explorer
  * Powerful & convenient buffer explorer
  * https://github.com/jlanzarotta/bufexplorer

*** camelcasemotion/: 'w,e,b' motion commands respect CamelCase
  * Use 'W,E,B' for traditional (whitespace separated) behavior.

*** MoveByIndent~/: <!LR> move by indentation
  * My own plugin. Should be the best :-)

*** NrrwRgn~/: Narrow Region to a temporary buffer
  * Inspired by  Emacs's narrowing behavior

*** vim-dirvish~/: (justinmk) Simple Directory browser
  * Replaces netrw, NERDTree.
  * https://github.com/justinmk/vim-dirvish

*** vim-HiLinkTrace~/: Show syntax stack & hilight info
  * :HLT command shows syntax/highlight info
  * https://github.com/gerw/vim-HiLinkTrace

*** vim-latex~/: LaTeX mode
  * Decent LaTeX mode
  | But try vimtex!

*** vim-python-pep8-indent~/: Python indentation PEP8 compliant

*** vim-sneak~/: (justinmk) two-letter fast motions
  * Extends fF motions to two keys. sS are the pending operators.
  * Cleaner/leaner alternative to EasyMotion.

*** supertab~/: Simple Auto-Complete
  * Simpler than YouCompleteMe. Seems to be OK.

*** UltiSnips~/: Ultimate Snippets
  * Framework for an easy snippet insertions
  * https://github.com/SirVer/ultisnips
  - Use together with https://github.com/honza/vim-snippets

*** Honza's vim-snippets:
  * Collection of useful snippets for UntiSnips
  * https://github.com/honza/vim-snippets

*** vimtex: TeX/LaTeX plugin
  * Lightweight, high quality, actively beeing developed (as of 2016).
  - Works together with UltiSnips.

*** vim-unimpaired~/: Tim Pope's paired keybindings
  * https://github.com/tpope/vim-unimpaired
  * Useful bindings that are grouped in pairs

*** YouCompleteMe~/: Comprehensive AutoComplete engine

*** vim-easy-align~/:
  * Seems to be powerful & easy to use tool to align columns, work w/ tabular data
  * https://github.com/junegunn/vim-easy-align

*** vis~/: Editing Visual Block
  * Easy (and powerfull) editing (or searching) limited to a Visual Block.
  * Please, manually update and inspect the latest unofficial release 
  * from http://www.drchip.org/astronaut/vim/index.html#VIS

##################################################
## vim:tw=105:ft=text:fdm=indent:fdl=0:sw=2:fml=1:
